// Jest Snapshot v1, https://goo.gl/fbAQLP

exports[`Carousel should render correctly 1`] = `
<div>
  <div
    class="flex h-full justify-center w-full items-center carousel-component"
  >
    <div
      class="relative w-full h-full"
    >
      <div
        class="carousel"
      >
        <button
          aria-label="Previous"
          class="absolute top-0 bottom-0 left-0 z-[1] flex w-[15%] items-center justify-center border-0 bg-none p-0 text-center text-white opacity-50 transition-opacity duration-150 ease-[cubic-bezier(0.25,0.1,0.25,1.0)] hover:text-white hover:no-underline hover:opacity-90 hover:outline-none focus:text-white focus:no-underline focus:opacity-90 focus:outline-none motion-reduce:transition-none"
          type="button"
        >
          <span
            class="inline-block h-8 w-8"
          >
            <svg
              class="w-6 h-6"
              fill="none"
              stroke="currentColor"
              stroke-width="1.5"
              viewBox="0 0 24 24"
              xmlns="http://www.w3.org/2000/svg"
            >
              <path
                d="M18.75 19.5l-7.5-7.5 7.5-7.5m-6 15L5.25 12l7.5-7.5"
                stroke-linecap="round"
                stroke-linejoin="round"
              />
            </svg>
          </span>
          <span
            class="!absolute !-m-px !h-px !w-px !overflow-hidden !whitespace-nowrap !border-0 !p-0 ![clip:rect(0,0,0,0)]"
          >
            Previous
          </span>
        </button>
        <button
          aria-label="Next"
          class="absolute top-0 bottom-0 right-0 z-[1] flex w-[15%] items-center justify-center border-0 bg-none p-0 text-center text-white opacity-50 transition-opacity duration-150 ease-[cubic-bezier(0.25,0.1,0.25,1.0)] hover:text-white hover:no-underline hover:opacity-90 hover:outline-none focus:text-white focus:no-underline focus:opacity-90 focus:outline-none motion-reduce:transition-none"
          type="button"
        >
          <span
            class="inline-block h-8 w-8"
          >
            <svg
              class="w-6 h-6"
              fill="none"
              stroke="currentColor"
              stroke-width="1.5"
              viewBox="0 0 24 24"
              xmlns="http://www.w3.org/2000/svg"
            >
              <path
                d="M11.25 4.5l7.5 7.5-7.5 7.5m-6-15l7.5 7.5-7.5 7.5"
                stroke-linecap="round"
                stroke-linejoin="round"
              />
            </svg>
          </span>
          <span
            class="!absolute !-m-px !h-px !w-px !overflow-hidden !whitespace-nowrap !border-0 !p-0 ![clip:rect(0,0,0,0)]"
          >
            Next
          </span>
        </button>
      </div>
    </div>
  </div>
</div>
`;
